// Jest Snapshot v1, https://goo.gl/fbAQLP

exports[`construct quad tree test case 1 1`] = `
_Node {
  "bottomLeft": _Node {
    "bottomLeft": null,
    "bottomRight": null,
    "isLeaf": true,
    "topLeft": null,
    "topRight": null,
    "val": true,
  },
  "bottomRight": _Node {
    "bottomLeft": null,
    "bottomRight": null,
    "isLeaf": true,
    "topLeft": null,
    "topRight": null,
    "val": false,
  },
  "isLeaf": false,
  "topLeft": _Node {
    "bottomLeft": null,
    "bottomRight": null,
    "isLeaf": true,
    "topLeft": null,
    "topRight": null,
    "val": false,
  },
  "topRight": _Node {
    "bottomLeft": null,
    "bottomRight": null,
    "isLeaf": true,
    "topLeft": null,
    "topRight": null,
    "val": true,
  },
  "val": false,
}
`;

exports[`construct quad tree test case 2 1`] = `
_Node {
  "bottomLeft": _Node {
    "bottomLeft": null,
    "bottomRight": null,
    "isLeaf": true,
    "topLeft": null,
    "topRight": null,
    "val": true,
  },
  "bottomRight": _Node {
    "bottomLeft": null,
    "bottomRight": null,
    "isLeaf": true,
    "topLeft": null,
    "topRight": null,
    "val": false,
  },
  "isLeaf": false,
  "topLeft": _Node {
    "bottomLeft": null,
    "bottomRight": null,
    "isLeaf": true,
    "topLeft": null,
    "topRight": null,
    "val": true,
  },
  "topRight": _Node {
    "bottomLeft": _Node {
      "bottomLeft": null,
      "bottomRight": null,
      "isLeaf": true,
      "topLeft": null,
      "topRight": null,
      "val": true,
    },
    "bottomRight": _Node {
      "bottomLeft": null,
      "bottomRight": null,
      "isLeaf": true,
      "topLeft": null,
      "topRight": null,
      "val": true,
    },
    "isLeaf": false,
    "topLeft": _Node {
      "bottomLeft": null,
      "bottomRight": null,
      "isLeaf": true,
      "topLeft": null,
      "topRight": null,
      "val": false,
    },
    "topRight": _Node {
      "bottomLeft": null,
      "bottomRight": null,
      "isLeaf": true,
      "topLeft": null,
      "topRight": null,
      "val": false,
    },
    "val": false,
  },
  "val": false,
}
`;
