// Jest Snapshot v1, https://goo.gl/fbAQLP

exports[`generate parentheses generate parenthesis - test case 4 1`] = `
Set {
  "((()))",
  "(()())",
  "(())()",
  "()(())",
  "()()()",
}
`;

exports[`generate parentheses generate parenthesis - test case 5 1`] = `
Set {
  "(((())))",
  "((()()))",
  "((())())",
  "((()))()",
  "(()(()))",
  "(()()())",
  "(()())()",
  "(())(())",
  "(())()()",
  "()((()))",
  "()(()())",
  "()(())()",
  "()()(())",
  "()()()()",
}
`;
